// Jest Snapshot v1, https://goo.gl/fbAQLP

exports[`Pruebas en <GifGridItem /> should show the component successfully 1`] = `
<div
  className="card animate__animated animate__fadeIn"
>
  <img
    alt="title"
    className="card-img-top"
    src="https://localhost/test.jpg"
  />
  <p>
    title
  </p>
</div>
`;
